[0m[[0minfo[0m] [0mRunning cs1.assignment5.Mandelbrot [0m
[0m[[0minfo[0m] [0m[GC (Allocation Failure)  31744K->6364K(121856K), 0.0241649 secs][0m
[0m[[0minfo[0m] [0mDrawing (-2.000000-2.000000i)-(2.000000+2.000000i)[0m
[0m[[0minfo[0m] [0m[GC (Allocation Failure)  38108K->6206K(121856K), 0.0416664 secs][0m
[0m[[0minfo[0m] [0m[GC (Allocation Failure)  37950K->6215K(121856K), 0.0085839 secs][0m
[0m[[0minfo[0m] [0m[GC (Allocation Failure)  37958K->7035K(153600K), 0.0335008 secs][0m
[0m[[0minfo[0m] [0m[GC (Allocation Failure)  70491K->7532K(153600K), 0.0228364 secs][0m
[0m[[0minfo[0m] [0m[GC (Allocation Failure)  71020K->7909K(218624K), 0.0136958 secs][0m
[0m[[0minfo[0m] [0m[GC (Allocation Failure)  134885K->9524K(218624K), 0.0149507 secs][0m
[0m[[0minfo[0m] [0m[GC (Allocation Failure)  136500K->10100K(345600K), 0.0088965 secs][0m
[0m[[0minfo[0m] [0m[GC (Allocation Failure)  264052K->10926K(345600K), 0.0108018 secs][0m
[0m[[0minfo[0m] [0m[GC (Allocation Failure)  264878K->12105K(497664K), 0.0609736 secs][0m
[0m[[0minfo[0m] [0m[GC (Allocation Failure)  418010K->15624K(498176K), 0.0108045 secs][0m
[0m[[0minfo[0m] [0m[GC (Allocation Failure)  421640K->17164K(741888K), 0.0095032 secs][0m
[0m[[0minfo[0m] [0m[GC (Allocation Failure)  666892K->22671K(741888K), 0.0071628 secs][0m
[0m[[0minfo[0m] [0m[GC (Allocation Failure)  671665K->23898K(776192K), 0.0095658 secs][0m
[0m[[0minfo[0m] [0m[GC (Allocation Failure)  706569K->29251K(775680K), 0.0092022 secs][0m
[0m[[0minfo[0m] [0mDrawing (-0.208000-0.136000i)-(-0.032000+0.040000i)[0m
[0m[[0minfo[0m] [0m[GC (Allocation Failure)  712771K->32494K(775680K), 0.0226745 secs][0m
[0m[[0minfo[0m] [0m[GC (Allocation Failure)  714990K->35667K(775680K), 0.0713309 secs][0m
[0m[[0minfo[0m] [0m[GC (Allocation Failure)  718163K->39011K(775680K), 0.0378918 secs][0m
[0m[[0minfo[0m] [0mæˆ»ã‚‹[0m
[0m[[0minfo[0m] [0mDrawing (-2.000000-2.000000i)-(2.000000+2.000000i)[0m
[0m[[0minfo[0m] [0mDrawing (-0.800000-0.424000i)-(-0.800000-0.424000i)[0m
[0m[[0minfo[0m] [0mæˆ»ã‚‹[0m
[0m[[0minfo[0m] [0mDrawing (-2.000000-2.000000i)-(2.000000+2.000000i)[0m
[0m[[0minfo[0m] [0m[GC (Allocation Failure)  721507K->38167K(775680K), 0.0119107 secs][0m
[0m[[0minfo[0m] [0mDrawing (-0.768000-0.064000i)-(-0.760000-0.056000i)[0m
[0m[[0minfo[0m] [0m[GC (Allocation Failure)  720663K->37899K(775680K), 0.0149314 secs][0m
[0m[[0minfo[0m] [0m[GC (Allocation Failure)  720395K->41163K(771072K), 0.0332498 secs][0m
[0m[[0minfo[0m] [0m[GC (Allocation Failure)  723659K->44491K(775168K), 0.0427936 secs][0m
[0m[[0minfo[0m] [0mDrawing (-0.765536-0.060320i)-(-0.765536-0.060320i)[0m
[0m[[0minfo[0m] [0m[GC (Allocation Failure)  726987K->47070K(775168K), 0.0136241 secs][0m
[0m[[0minfo[0m] [0m[GC (Allocation Failure)  729566K->47759K(776192K), 0.0243196 secs][0m
[0m[[0minfo[0m] [0m[GC (Allocation Failure)  731279K->54572K(776192K), 0.0124106 secs][0m
[0m[[0minfo[0m] [0m[GC (Allocation Failure)  738092K->55295K(773120K), 0.0177448 secs][0m
[0m[[0minfo[0m] [0m[GC (Allocation Failure)  734550K->57221K(774656K), 0.0036991 secs][0m
[0m[[0minfo[0m] [0m[GC (Allocation Failure)  737669K->56567K(774144K), 0.0065047 secs][0m
[0m[[0minfo[0m] [0m[GC (Allocation Failure)  737527K->64275K(774656K), 0.0056125 secs][0m
[0m[[0minfo[0m] [0m[GC (Allocation Failure)  745235K->64886K(772608K), 0.0077895 secs][0m
[0m[[0minfo[0m] [0m[GC (Allocation Failure)  743286K->65464K(773632K), 0.0054140 secs][0m
[0m[[0minfo[0m] [0m[GC (Allocation Failure)  743864K->66024K(773120K), 0.0083913 secs][0m
[0m[[0minfo[0m] [0m[GC (Allocation Failure)  744936K->66575K(773632K), 0.0034485 secs][0m
[0m[[0minfo[0m] [0m[GC (Allocation Failure)  745487K->75236K(773120K), 0.0163101 secs][0m
[0m[[0minfo[0m] [0m[GC (Allocation Failure)  755172K->75745K(773632K), 0.0042087 secs][0m
[0m[[0minfo[0m] [0m[GC (Allocation Failure)  755681K->76284K(774144K), 0.0061402 secs][0m
[0m[[0minfo[0m] [0m[GC (Allocation Failure)  757756K->76743K(774656K), 0.0048696 secs][0m
[0m[[0minfo[0m] [0m[GC (Allocation Failure)  756780K->77185K(775680K), 0.0068387 secs][0m
[0m[[0minfo[0m] [0m[GC (Allocation Failure)  760193K->88657K(775680K), 0.0130190 secs][0m
[0m[[0minfo[0m] [0m[Full GC (Ergonomics)  88657K->34734K(773632K), 0.3348726 secs][0m
[0m[[0minfo[0m] [0m[GC (Allocation Failure)  717742K->37013K(773120K), 0.0043111 secs][0m
[0m[[0minfo[0m] [0m[GC (Allocation Failure)  720533K->37501K(773632K), 0.0050466 secs][0m
[0m[[0minfo[0m] [0m[GC (Allocation Failure)  721021K->39865K(774656K), 0.0060303 secs][0m
[0m[[0minfo[0m] [0mæˆ»ã‚‹[0m
[0m[[0minfo[0m] [0mDrawing (-0.768000-0.064000i)-(-0.760000-0.056000i)[0m
[0m[[0minfo[0m] [0m[GC (Allocation Failure)  724409K->40591K(772608K), 0.0095601 secs][0m
[0m[[0minfo[0m] [0m[GC (Allocation Failure)  725135K->43919K(774656K), 0.0135871 secs][0m
[0m[[0minfo[0m] [0m[GC (Allocation Failure)  727951K->47247K(770560K), 0.0213968 secs][0m
[0m[[0minfo[0m] [0mæˆ»ã‚‹[0m
[0m[[0minfo[0m] [0mDrawing (-2.000000-2.000000i)-(2.000000+2.000000i)[0m
[0m[[0minfo[0m] [0må‰ã¸[0m
[0m[[0minfo[0m] [0mDrawing (-0.768000-0.064000i)-(-0.760000-0.056000i)[0m
[0m[[0minfo[0m] [0m[GC (Allocation Failure)  731279K->45911K(773632K), 0.0099195 secs][0m
[0m[[0minfo[0m] [0m[GC (Allocation Failure)  729943K->49239K(773632K), 0.0200909 secs][0m
[0m[[0minfo[0m] [0m[GC (Allocation Failure)  733271K->52567K(774144K), 0.0297242 secs][0m
[0m[[0minfo[0m] [0må‰ã¸[0m
[0m[[0minfo[0m] [0mDrawing (-0.765536-0.060320i)-(-0.765536-0.060320i)[0m
[0m[[0minfo[0m] [0m[GC (Allocation Failure)  738135K->55919K(774656K), 0.0297190 secs][0m
[0m[[0minfo[0m] [0m[GC (Allocation Failure)  741487K->59231K(774656K), 0.0297502 secs][0m
[0m[[0minfo[0m] [0m[GC (Allocation Failure)  745823K->62599K(775168K), 0.0231891 secs][0m
[0m[[0minfo[0m] [0mæˆ»ã‚‹[0m
[0m[[0minfo[0m] [0mDrawing (-0.768000-0.064000i)-(-0.760000-0.056000i)[0m
[0m[[0minfo[0m] [0m[GC (Allocation Failure)  749191K->61671K(776192K), 0.0118209 secs][0m
[0m[[0minfo[0m] [0m[GC (Allocation Failure)  749287K->65023K(776192K), 0.0210342 secs][0m
[0m[[0minfo[0m] [0m[GC (Allocation Failure)  752639K->68375K(775168K), 0.0279940 secs][0m
[0m[[0minfo[0m] [0mçµ‚äº†ã—ã¾ã™ï¼[0m
