[0m[[0minfo[0m] [0mRunning cs1.assignment6.RandomGraph [0m
[0m[[0minfo[0m] [0m[GC (Allocation Failure)  31744K->2620K(121856K), 0.0033164 secs][0m
[0m[[0minfo[0m] [0m[GC (Allocation Failure)  34364K->608K(121856K), 0.0068055 secs][0m
[0m[[0minfo[0m] [0m[GC (Allocation Failure)  32352K->528K(121856K), 0.0020450 secs][0m
[0m[[0minfo[0m] [0m[GC (Allocation Failure)  32272K->528K(121856K), 0.0017684 secs][0m
[0m[[0minfo[0m] [0m[GC (Allocation Failure)  32272K->600K(117248K), 0.0012581 secs][0m
[0m[[0minfo[0m] [0m[GC (Allocation Failure)  31832K->592K(117248K), 0.0010351 secs][0m
[0m[[0minfo[0m] [0m[GC (Allocation Failure)  31312K->606K(115712K), 0.0010217 secs][0m
[0m[[0minfo[0m] [0m[GC (Allocation Failure)  30814K->582K(116736K), 0.0006351 secs][0m
[0m[[0minfo[0m] [0m[GC (Allocation Failure)  30278K->582K(114688K), 0.0004964 secs][0m
[0m[[0minfo[0m] [0m[GC (Allocation Failure)  29766K->582K(115712K), 0.0004881 secs][0m
[0m[[0minfo[0m] [0m[GC (Allocation Failure)  29254K->582K(113664K), 0.0004479 secs][0m
[0m[[0minfo[0m] [0m[GC (Allocation Failure)  28742K->582K(114688K), 0.0004615 secs][0m
[0m[[0minfo[0m] [0m[GC (Allocation Failure)  28230K->582K(112640K), 0.0005710 secs][0m
[0m[[0minfo[0m] [0m[GC (Allocation Failure)  27718K->582K(113152K), 0.0005685 secs][0m
[0m[[0minfo[0m] [0m[GC (Allocation Failure)  27206K->582K(111616K), 0.0005051 secs][0m
[0m[[0minfo[0m] [0m[GC (Allocation Failure)  26694K->582K(112128K), 0.0004825 secs][0m
[0m[[0minfo[0m] [0m[GC (Allocation Failure)  26182K->582K(110592K), 0.0004870 secs][0m
[0m[[0minfo[0m] [0m[GC (Allocation Failure)  25670K->582K(110080K), 0.0005427 secs][0m
[0m[[0minfo[0m] [0m[GC (Allocation Failure)  25158K->582K(110592K), 0.0005722 secs][0m
[0m[[0minfo[0m] [0m[GC (Allocation Failure)  24646K->614K(109056K), 0.0005366 secs][0m
[0m[[0minfo[0m] [0m[GC (Allocation Failure)  24166K->614K(110080K), 0.0004690 secs][0m
[0m[[0minfo[0m] [0m[GC (Allocation Failure)  24166K->646K(110080K), 0.0004614 secs][0m
[0m[[0minfo[0m] [0m[GC (Allocation Failure)  24198K->630K(110080K), 0.0004704 secs][0m
[0m[[0minfo[0m] [0m[GC (Allocation Failure)  24182K->630K(110080K), 0.0004522 secs][0m
[0m[[0minfo[0m] [0m[GC (Allocation Failure)  24182K->630K(109056K), 0.0005237 secs][0m
[0m[[0minfo[0m] [0m[GC (Allocation Failure)  24182K->630K(109568K), 0.0004563 secs][0m
[0m[[0minfo[0m] [0m[GC (Allocation Failure)  24182K->630K(109568K), 0.0005177 secs][0m
[0m[[0minfo[0m] [0m[GC (Allocation Failure)  24182K->630K(109568K), 0.0005491 secs][0m
[0m[[0minfo[0m] [0m[GC (Allocation Failure)  24182K->630K(109568K), 0.0004458 secs][0m
[0m[[0minfo[0m] [0m[GC (Allocation Failure)  24182K->630K(109568K), 0.0005042 secs][0m
[0m[[0minfo[0m] [0m[GC (Allocation Failure)  24182K->630K(109568K), 0.0005675 secs][0m
[0m[[0minfo[0m] [0m[GC (Allocation Failure)  24182K->662K(109568K), 0.0005275 secs][0m
[0m[[0minfo[0m] [0m[GC (Allocation Failure)  24214K->662K(109568K), 0.0005530 secs][0m
[0m[[0minfo[0m] [0m[GC (Allocation Failure)  24214K->630K(109056K), 0.0006623 secs][0m
[0m[[0minfo[0m] [0m[GC (Allocation Failure)  24182K->630K(109056K), 0.0005227 secs][0m
[0m[[0minfo[0m] [0m[GC (Allocation Failure)  24182K->662K(109056K), 0.0004414 secs][0m
[0m[[0minfo[0m] [0m[GC (Allocation Failure)  24214K->630K(109056K), 0.0005195 secs][0m
[0m[[0minfo[0m] [0m[GC (Allocation Failure)  24182K->662K(109056K), 0.0005925 secs][0m
[0m[[0minfo[0m] [0m[GC (Allocation Failure)  24214K->630K(109056K), 0.0004572 secs][0m
[0m[[0minfo[0m] [0m[GC (Allocation Failure)  24182K->630K(109056K), 0.0004467 secs][0m
[0m[[0minfo[0m] [0m[GC (Allocation Failure)  24182K->630K(109056K), 0.0004555 secs][0m
[0m[[0minfo[0m] [0m[GC (Allocation Failure)  24182K->662K(109056K), 0.0004176 secs][0m
[0m[[0minfo[0m] [0m[GC (Allocation Failure)  24214K->630K(109056K), 0.0005054 secs][0m
[0m[[0minfo[0m] [0m[GC (Allocation Failure)  24182K->630K(109056K), 0.0004695 secs][0m
[0m[[0minfo[0m] [0m[GC (Allocation Failure)  24182K->662K(109056K), 0.0005793 secs][0m
[0m[[0minfo[0m] [0m[GC (Allocation Failure)  24214K->630K(109056K), 0.0004494 secs][0m
[0m[[0minfo[0m] [0m[GC (Allocation Failure)  24182K->630K(109056K), 0.0004605 secs][0m
[0m[[0minfo[0m] [0m[GC (Allocation Failure)  24182K->638K(109056K), 0.0004544 secs][0m
[0m[[0minfo[0m] [0m[GC (Allocation Failure)  24190K->670K(109056K), 0.0004523 secs][0m
[0m[[0minfo[0m] [0m[GC (Allocation Failure)  24222K->702K(109056K), 0.0004295 secs][0m
[0m[[0minfo[0m] [0m[GC (Allocation Failure)  24254K->638K(109056K), 0.0004454 secs][0m
[0m[[0minfo[0m] [0m[GC (Allocation Failure)  24190K->638K(109056K), 0.0005109 secs][0m
[0m[[0minfo[0m] [0m[GC (Allocation Failure)  24190K->638K(109056K), 0.0004577 secs][0m
[0m[[0minfo[0m] [0m[GC (Allocation Failure)  24190K->670K(109056K), 0.0004187 secs][0m
[0m[[0minfo[0m] [0m[GC (Allocation Failure)  24222K->638K(109056K), 0.0004756 secs][0m
[0m[[0minfo[0m] [0m[GC (Allocation Failure)  24190K->670K(109056K), 0.0003937 secs][0m
[0m[[0minfo[0m] [0m[GC (Allocation Failure)  24222K->670K(109056K), 0.0005072 secs][0m
[0m[[0minfo[0m] [0m[GC (Allocation Failure)  24222K->670K(109056K), 0.0004121 secs][0m
[0m[[0minfo[0m] [0m[GC (Allocation Failure)  24222K->670K(109056K), 0.0004213 secs][0m
[0m[[0minfo[0m] [0m[GC (Allocation Failure)  24222K->638K(109056K), 0.0004390 secs][0m
[0m[[0minfo[0m] [0m[GC (Allocation Failure)  24190K->638K(109056K), 0.0005267 secs][0m
[0m[[0minfo[0m] [0m[GC (Allocation Failure)  24190K->638K(109056K), 0.0004439 secs][0m
[0m[[0minfo[0m] [0m[GC (Allocation Failure)  24190K->678K(109056K), 0.0004591 secs][0m
[0m[[0minfo[0m] [0m[GC (Allocation Failure)  24230K->678K(109056K), 0.0004178 secs][0m
[0m[[0minfo[0m] [0m[GC (Allocation Failure)  24230K->646K(109056K), 0.0004181 secs][0m
[0m[[0minfo[0m] [0m[GC (Allocation Failure)  24198K->678K(109056K), 0.0004028 secs][0m
[0m[[0minfo[0m] [0m[GC (Allocation Failure)  24230K->678K(109056K), 0.0003776 secs][0m
[0m[[0minfo[0m] [0m[GC (Allocation Failure)  24230K->678K(109056K), 0.0004153 secs][0m
[0m[[0minfo[0m] [0m[GC (Allocation Failure)  24230K->678K(109056K), 0.0004826 secs][0m
[0m[[0minfo[0m] [0m[GC (Allocation Failure)  24230K->646K(109056K), 0.0004014 secs][0m
[0m[[0minfo[0m] [0m[GC (Allocation Failure)  24198K->678K(109056K), 0.0003963 secs][0m
[0m[[0minfo[0m] [0m[GC (Allocation Failure)  24230K->678K(109056K), 0.0003763 secs][0m
[0m[[0minfo[0m] [0m[GC (Allocation Failure)  24230K->686K(109056K), 0.0003886 secs][0m
[0m[[0minfo[0m] [0m[GC (Allocation Failure)  24238K->718K(109056K), 0.0003955 secs][0m
[0m[[0minfo[0m] [0m[GC (Allocation Failure)  24270K->686K(109056K), 0.0003897 secs][0m
[0m[[0minfo[0m] [0m[GC (Allocation Failure)  24238K->686K(109056K), 0.0011861 secs][0m
[0m[[0minfo[0m] [0m[GC (Allocation Failure)  24238K->654K(109056K), 0.0004573 secs][0m
[0m[[0minfo[0m] [0m[GC (Allocation Failure)  24206K->654K(109056K), 0.0004547 secs][0m
[0m[[0minfo[0m] [0m[GC (Allocation Failure)  24206K->686K(109056K), 0.0004759 secs][0m
[0m[[0minfo[0m] [0m[GC (Allocation Failure)  24238K->654K(109056K), 0.0004541 secs][0m
[0m[[0minfo[0m] [0m[GC (Allocation Failure)  24206K->718K(109056K), 0.0003854 secs][0m
[0m[[0minfo[0m] [0m[GC (Allocation Failure)  24270K->686K(109056K), 0.0003907 secs][0m
[0m[[0minfo[0m] [0m[GC (Allocation Failure)  24238K->686K(109056K), 0.0003892 secs][0m
[0m[[0minfo[0m] [0m[GC (Allocation Failure)  24238K->686K(109056K), 0.0005842 secs][0m
[0m[[0minfo[0m] [0m[GC (Allocation Failure)  24238K->686K(109056K), 0.0004089 secs][0m
[0m[[0minfo[0m] [0m[GC (Allocation Failure)  24238K->654K(109056K), 0.0004551 secs][0m
[0m[[0minfo[0m] [0m[GC (Allocation Failure)  24206K->654K(109056K), 0.0005810 secs][0m
[0m[[0minfo[0m] [0m[GC (Allocation Failure)  24206K->654K(109056K), 0.0005633 secs][0m
[0m[[0minfo[0m] [0m[GC (Allocation Failure)  24206K->686K(109056K), 0.0004060 secs][0m
[0m[[0minfo[0m] [0m[GC (Allocation Failure)  24238K->654K(109056K), 0.0004707 secs][0m
[0m[[0minfo[0m] [0m[GC (Allocation Failure)  24206K->686K(109056K), 0.0004647 secs][0m
[0m[[0minfo[0m] [0m[GC (Allocation Failure)  24238K->654K(109056K), 0.0004506 secs][0m
[0m[[0minfo[0m] [0m[GC (Allocation Failure)  24206K->654K(109056K), 0.0004630 secs][0m
[0m[[0minfo[0m] [0m[GC (Allocation Failure)  24206K->654K(109056K), 0.0005447 secs][0m
[0m[[0minfo[0m] [0m[GC (Allocation Failure)  24206K->686K(109056K), 0.0004576 secs][0m
[0m[[0minfo[0m] [0m[GC (Allocation Failure)  24238K->686K(109056K), 0.0005216 secs][0m
[0m[[0minfo[0m] [0m[GC (Allocation Failure)  24238K->686K(109056K), 0.0005239 secs][0m
[0m[[0minfo[0m] [0m[GC (Allocation Failure)  24238K->694K(109056K), 0.0004211 secs][0m
[0m[[0minfo[0m] [0m[GC (Allocation Failure)  24246K->694K(109056K), 0.0003734 secs][0m
[0m[[0minfo[0m] [0m[GC (Allocation Failure)  24246K->694K(109056K), 0.0004550 secs][0m
[0m[[0minfo[0m] [0m[GC (Allocation Failure)  24246K->662K(109056K), 0.0004552 secs][0m
[0m[[0minfo[0m] [0m[GC (Allocation Failure)  24214K->694K(109056K), 0.0004476 secs][0m
[0m[[0minfo[0m] [0m[GC (Allocation Failure)  24246K->662K(109056K), 0.0004916 secs][0m
[0m[[0minfo[0m] [0m[GC (Allocation Failure)  24214K->694K(109056K), 0.0006300 secs][0m
[0m[[0minfo[0m] [0m[GC (Allocation Failure)  24246K->662K(109056K), 0.0005158 secs][0m
[0m[[0minfo[0m] [0m[GC (Allocation Failure)  24214K->662K(109056K), 0.0004180 secs][0m
[0m[[0minfo[0m] [0m[GC (Allocation Failure)  24214K->662K(109056K), 0.0005314 secs][0m
[0m[[0minfo[0m] [0m[GC (Allocation Failure)  24214K->662K(109056K), 0.0005773 secs][0m
[0m[[0minfo[0m] [0m[GC (Allocation Failure)  24214K->662K(109056K), 0.0004346 secs][0m
[0m[[0minfo[0m] [0m[GC (Allocation Failure)  24214K->694K(109056K), 0.0003987 secs][0m
[0m[[0minfo[0m] [0m[GC (Allocation Failure)  24246K->662K(109056K), 0.0005919 secs][0m
[0m[[0minfo[0m] [0m[GC (Allocation Failure)  24214K->662K(109056K), 0.0004632 secs][0m
[0m[[0minfo[0m] [0m[GC (Allocation Failure)  24214K->694K(109056K), 0.0004188 secs][0m
[0m[[0minfo[0m] [0m[GC (Allocation Failure)  24246K->662K(109056K), 0.0004514 secs][0m
[0m[[0minfo[0m] [0m[GC (Allocation Failure)  24214K->694K(109056K), 0.0003970 secs][0m
[0m[[0minfo[0m] [0m[GC (Allocation Failure)  24246K->662K(109056K), 0.0004534 secs][0m
[0m[[0minfo[0m] [0m[GC (Allocation Failure)  24214K->662K(109056K), 0.0004536 secs][0m
[0m[[0minfo[0m] [0m[GC (Allocation Failure)  24214K->694K(109056K), 0.0005793 secs][0m
[0m[[0minfo[0m] [0m[GC (Allocation Failure)  24246K->694K(109056K), 0.0004508 secs][0m
[0m[[0minfo[0m] [0m[GC (Allocation Failure)  24246K->726K(109056K), 0.0003543 secs][0m
[0m[[0minfo[0m] [0m[GC (Allocation Failure)  24278K->662K(109056K), 0.0004769 secs][0m
[0m[[0minfo[0m] [0m[GC (Allocation Failure)  24214K->694K(109056K), 0.0004460 secs][0m
[0m[[0minfo[0m] [0m[GC (Allocation Failure)  24246K->702K(109056K), 0.0005135 secs][0m
[0m[[0minfo[0m] [0m[GC (Allocation Failure)  24254K->670K(109056K), 0.0005181 secs][0m
[0m[[0minfo[0m] [0m[GC (Allocation Failure)  24222K->702K(109056K), 0.0003966 secs][0m
[0m[[0minfo[0m] [0m[GC (Allocation Failure)  24254K->702K(109056K), 0.0004113 secs][0m
[0m[[0minfo[0m] [0m[GC (Allocation Failure)  24254K->702K(109056K), 0.0003733 secs][0m
[0m[[0minfo[0m] [0m[GC (Allocation Failure)  24254K->670K(109056K), 0.0004024 secs][0m
[0m[[0minfo[0m] [0m[GC (Allocation Failure)  24222K->670K(109056K), 0.0005621 secs][0m
[0m[[0minfo[0m] [0m[GC (Allocation Failure)  24222K->702K(109056K), 0.0004240 secs][0m
[0m[[0minfo[0m] [0m[GC (Allocation Failure)  24254K->670K(109056K), 0.0005611 secs][0m
[0m[[0minfo[0m] [0m[GC (Allocation Failure)  24222K->670K(109056K), 0.0004139 secs][0m
[0m[[0minfo[0m] [0m[GC (Allocation Failure)  24222K->670K(109056K), 0.0004896 secs][0m
[0m[[0minfo[0m] [0m[GC (Allocation Failure)  24222K->702K(109056K), 0.0004657 secs][0m
[0m[[0minfo[0m] [0m[GC (Allocation Failure)  24254K->702K(109056K), 0.0003932 secs][0m
[0m[[0minfo[0m] [0m[GC (Allocation Failure)  24254K->702K(109056K), 0.0004099 secs][0m
[0m[[0minfo[0m] [0m[GC (Allocation Failure)  24254K->702K(109056K), 0.0004315 secs][0m
[0m[[0minfo[0m] [0m[GC (Allocation Failure)  24254K->702K(109056K), 0.0003573 secs][0m
[0m[[0minfo[0m] [0m[GC (Allocation Failure)  24254K->702K(109056K), 0.0004037 secs][0m
[0m[[0minfo[0m] [0m[GC (Allocation Failure)  24254K->702K(109056K), 0.0004116 secs][0m
[0m[[0minfo[0m] [0m[GC (Allocation Failure)  24254K->702K(109056K), 0.0004507 secs][0m
[0m[[0minfo[0m] [0m[GC (Allocation Failure)  24254K->702K(109056K), 0.0004540 secs][0m
[0m[[0minfo[0m] [0m[GC (Allocation Failure)  24254K->670K(109056K), 0.0004765 secs][0m
[0m[[0minfo[0m] [0m[GC (Allocation Failure)  24222K->670K(109056K), 0.0003727 secs][0m
[0m[[0minfo[0m] [0m[GC (Allocation Failure)  24222K->734K(109056K), 0.0003457 secs][0m
[0m[[0minfo[0m] [0m[GC (Allocation Failure)  24286K->702K(109056K), 0.0005083 secs][0m
[0m[[0minfo[0m] [0m[GC (Allocation Failure)  24254K->670K(109056K), 0.0005474 secs][0m
[0m[[0minfo[0m] [0m[GC (Allocation Failure)  24222K->678K(109056K), 0.0004388 secs][0m
[0m[[0minfo[0m] [0m[GC (Allocation Failure)  24230K->678K(109056K), 0.0004257 secs][0m
[0m[[0minfo[0m] [0m[GC (Allocation Failure)  24230K->678K(109056K), 0.0007472 secs][0m
[0m[[0minfo[0m] [0m[GC (Allocation Failure)  24230K->710K(109056K), 0.0005218 secs][0m
[0m[[0minfo[0m] [0m[GC (Allocation Failure)  24262K->678K(109056K), 0.0004520 secs][0m
[0m[[0minfo[0m] [0m[GC (Allocation Failure)  24230K->742K(109056K), 0.0003889 secs][0m
[0m[[0minfo[0m] [0m[GC (Allocation Failure)  24294K->678K(109056K), 0.0004418 secs][0m
[0m[[0minfo[0m] [0m[GC (Allocation Failure)  24230K->710K(109056K), 0.0004215 secs][0m
[0m[[0minfo[0m] [0m[GC (Allocation Failure)  24262K->710K(109056K), 0.0006569 secs][0m
[0m[[0minfo[0m] [0m[GC (Allocation Failure)  24262K->710K(109056K), 0.0004094 secs][0m
[0m[[0minfo[0m] [0m[GC (Allocation Failure)  24262K->710K(109056K), 0.0006155 secs][0m
[0m[[0minfo[0m] [0m[GC (Allocation Failure)  24262K->710K(109056K), 0.0003835 secs][0m
[0m[[0minfo[0m] [0m[GC (Allocation Failure)  24262K->678K(109056K), 0.0004565 secs][0m
[0m[[0minfo[0m] [0m[GC (Allocation Failure)  24230K->678K(109056K), 0.0004511 secs][0m
[0m[[0minfo[0m] [0m[GC (Allocation Failure)  24230K->742K(109056K), 0.0003400 secs][0m
[0m[[0minfo[0m] [0m[GC (Allocation Failure)  24294K->710K(109056K), 0.0003506 secs][0m
[0m[[0minfo[0m] [0m[GC (Allocation Failure)  24262K->742K(109056K), 0.0003397 secs][0m
[0m[[0minfo[0m] [0m[GC (Allocation Failure)  24294K->678K(109056K), 0.0005017 secs][0m
[0m[[0minfo[0m] [0m[GC (Allocation Failure)  24230K->678K(109056K), 0.0004840 secs][0m
[0m[[0minfo[0m] [0m[GC (Allocation Failure)  24230K->678K(109056K), 0.0004792 secs][0m
[0m[[0minfo[0m] [0m[GC (Allocation Failure)  24230K->678K(109056K), 0.0004165 secs][0m
[0m[[0minfo[0m] [0m[GC (Allocation Failure)  24230K->678K(109056K), 0.0003987 secs][0m
[0m[[0minfo[0m] [0m[GC (Allocation Failure)  24230K->678K(109056K), 0.0005228 secs][0m
[0m[[0minfo[0m] [0m[GC (Allocation Failure)  24230K->678K(109056K), 0.0004541 secs][0m
[0m[[0minfo[0m] [0m[GC (Allocation Failure)  24230K->742K(109056K), 0.0003514 secs][0m
[0m[[0minfo[0m] [0m[GC (Allocation Failure)  24294K->678K(109056K), 0.0004579 secs][0m
[0m[[0minfo[0m] [0m[GC (Allocation Failure)  24230K->686K(109056K), 0.0004414 secs][0m
[0m[[0minfo[0m] [0m[GC (Allocation Failure)  24238K->686K(109056K), 0.0005750 secs][0m
[0m[[0minfo[0m] [0m[GC (Allocation Failure)  24238K->686K(109056K), 0.0004462 secs][0m
[0m[[0minfo[0m] [0m[GC (Allocation Failure)  24238K->686K(109056K), 0.0006287 secs][0m
[0m[[0minfo[0m] [0m[GC (Allocation Failure)  24238K->718K(109056K), 0.0004242 secs][0m
[0m[[0minfo[0m] [0m[GC (Allocation Failure)  24270K->718K(109056K), 0.0003902 secs][0m
[0m[[0minfo[0m] [0m[GC (Allocation Failure)  24270K->686K(109056K), 0.0004291 secs][0m
[0m[[0minfo[0m] [0m[GC (Allocation Failure)  24238K->686K(109056K), 0.0005257 secs][0m
[0m[[0minfo[0m] [0m[GC (Allocation Failure)  24238K->686K(109056K), 0.0004738 secs][0m
[0m[[0minfo[0m] [0m[GC (Allocation Failure)  24238K->686K(109056K), 0.0004644 secs][0m
[0m[[0minfo[0m] [0m[GC (Allocation Failure)  24238K->750K(109056K), 0.0003640 secs][0m
[0m[[0minfo[0m] [0m[GC (Allocation Failure)  24302K->718K(109056K), 0.0005413 secs][0m
[0m[[0minfo[0m] [0m[GC (Allocation Failure)  24270K->686K(109056K), 0.0004260 secs][0m
[0m[[0minfo[0m] [0m[GC (Allocation Failure)  24238K->718K(109056K), 0.0004948 secs][0m
[0m[[0minfo[0m] [0m[GC (Allocation Failure)  24270K->686K(109056K), 0.0004497 secs][0m
[0m[[0minfo[0m] [0m[GC (Allocation Failure)  24238K->686K(109056K), 0.0004462 secs][0m
[0m[[0minfo[0m] [0m[GC (Allocation Failure)  24238K->686K(109056K), 0.0004670 secs][0m
[0m[[0minfo[0m] [0m[GC (Allocation Failure)  24238K->686K(109056K), 0.0004543 secs][0m
[0m[[0minfo[0m] [0m[GC (Allocation Failure)  24238K->686K(109056K), 0.0004529 secs][0m
[0m[[0minfo[0m] [0m[GC (Allocation Failure)  24238K->686K(109056K), 0.0004408 secs][0m
[0m[[0minfo[0m] [0m[GC (Allocation Failure)  24238K->686K(109056K), 0.0004681 secs][0m
[0m[[0minfo[0m] [0m[GC (Allocation Failure)  24238K->686K(109056K), 0.0004530 secs][0m
[0m[[0minfo[0m] [0m[GC (Allocation Failure)  24238K->750K(109056K), 0.0003483 secs][0m
[0m[[0minfo[0m] [0m[GC (Allocation Failure)  24302K->686K(109056K), 0.0004498 secs][0m
[0m[[0minfo[0m] [0m[GC (Allocation Failure)  24238K->686K(109056K), 0.0004499 secs][0m
[0m[[0minfo[0m] [0m[GC (Allocation Failure)  24238K->726K(109056K), 0.0004217 secs][0m
[0m[[0minfo[0m] [0m[GC (Allocation Failure)  24278K->694K(109056K), 0.0004631 secs][0m
[0m[[0minfo[0m] [0m[GC (Allocation Failure)  24246K->726K(109056K), 0.0005149 secs][0m
[0m[[0minfo[0m] [0m[GC (Allocation Failure)  24278K->694K(109056K), 0.0005654 secs][0m
[0m[[0minfo[0m] [0m[GC (Allocation Failure)  24246K->694K(109056K), 0.0005706 secs][0m
[0m[[0minfo[0m] [0m[GC (Allocation Failure)  24246K->758K(109056K), 0.0003951 secs][0m
[0m[[0minfo[0m] [0m[GC (Allocation Failure)  24310K->694K(109056K), 0.0004168 secs][0m
[0m[[0minfo[0m] [0m[GC (Allocation Failure)  24246K->726K(109056K), 0.0005531 secs][0m
[0m[[0minfo[0m] [0m[GC (Allocation Failure)  24278K->694K(109056K), 0.0019256 secs][0m
[0m[[0minfo[0m] [0m[GC (Allocation Failure)  24246K->726K(109056K), 0.0006047 secs][0m
[0m[[0minfo[0m] [0m[GC (Allocation Failure)  24278K->726K(109056K), 0.0005669 secs][0m
[0m[[0minfo[0m] [0m[GC (Allocation Failure)  24278K->726K(109056K), 0.0003978 secs][0m
[0m[[0minfo[0m] [0m[GC (Allocation Failure)  24278K->726K(109056K), 0.0003943 secs][0m
[0m[[0minfo[0m] [0m[GC (Allocation Failure)  24278K->758K(109056K), 0.0004022 secs][0m
[0m[[0minfo[0m] [0m[GC (Allocation Failure)  24310K->758K(109056K), 0.0003684 secs][0m
[0m[[0minfo[0m] [0m[GC (Allocation Failure)  24310K->694K(109056K), 0.0004418 secs][0m
[0m[[0minfo[0m] [0m[GC (Allocation Failure)  24246K->694K(109056K), 0.0004790 secs][0m
[0m[[0minfo[0m] [0m[GC (Allocation Failure)  24246K->726K(109056K), 0.0004720 secs][0m
[0m[[0minfo[0m] [0m[GC (Allocation Failure)  24278K->726K(109056K), 0.0005174 secs][0m
[0m[[0minfo[0m] [0m[GC (Allocation Failure)  24278K->758K(109056K), 0.0004024 secs][0m
[0m[[0minfo[0m] [0m[GC (Allocation Failure)  24310K->726K(109056K), 0.0004010 secs][0m
[0m[[0minfo[0m] [0m[GC (Allocation Failure)  24278K->726K(109056K), 0.0004710 secs][0m
[0m[[0minfo[0m] [0m[GC (Allocation Failure)  24278K->694K(109056K), 0.0004467 secs][0m
[0m[[0minfo[0m] [0m[GC (Allocation Failure)  24246K->694K(109056K), 0.0005841 secs][0m
[0m[[0minfo[0m] [0m[GC (Allocation Failure)  24246K->694K(109056K), 0.0005321 secs][0m
[0m[[0minfo[0m] [0m[GC (Allocation Failure)  24246K->734K(109056K), 0.0004324 secs][0m
[0m[[0minfo[0m] [0m[GC (Allocation Failure)  24286K->766K(109056K), 0.0003476 secs][0m
[0m[[0minfo[0m] [0m[GC (Allocation Failure)  24318K->734K(109056K), 0.0003977 secs][0m
[0m[[0minfo[0m] [0m[GC (Allocation Failure)  24286K->766K(109056K), 0.0003580 secs][0m
[0m[[0minfo[0m] [0m[GC (Allocation Failure)  24318K->766K(109056K), 0.0003702 secs][0m
[0m[[0minfo[0m] [0m[GC (Allocation Failure)  24318K->734K(109056K), 0.0004992 secs][0m
[0m[[0minfo[0m] [0m[GC (Allocation Failure)  24286K->734K(109056K), 0.0005366 secs][0m
[0m[[0minfo[0m] [0m[GC (Allocation Failure)  24286K->766K(109056K), 0.0003671 secs][0m
[0m[[0minfo[0m] [0m[GC (Allocation Failure)  24318K->734K(109056K), 0.0004054 secs][0m
[0m[[0minfo[0m] [0m[GC (Allocation Failure)  24286K->766K(109056K), 0.0003471 secs][0m
[0m[[0minfo[0m] [0m[GC (Allocation Failure)  24318K->702K(109056K), 0.0004241 secs][0m
[0m[[0minfo[0m] [0m[GC (Allocation Failure)  24254K->702K(109056K), 0.0005623 secs][0m
[0m[[0minfo[0m] [0m[GC (Allocation Failure)  24254K->734K(109056K), 0.0004015 secs][0m
[0m[[0minfo[0m] [0m[GC (Allocation Failure)  24286K->702K(109056K), 0.0004595 secs][0m
[0m[[0minfo[0m] [0m[GC (Allocation Failure)  24254K->734K(109056K), 0.0004427 secs][0m
[0m[[0minfo[0m] [0m[GC (Allocation Failure)  24286K->702K(109056K), 0.0004601 secs][0m
[0m[[0minfo[0m] [0m[GC (Allocation Failure)  24254K->734K(109056K), 0.0005796 secs][0m
[0m[[0minfo[0m] [0m[GC (Allocation Failure)  24286K->702K(109056K), 0.0007603 secs][0m
[0m[[0minfo[0m] [0m[GC (Allocation Failure)  24254K->734K(109056K), 0.0004180 secs][0m
[0m[[0minfo[0m] [0m[GC (Allocation Failure)  24286K->766K(109056K), 0.0004235 secs][0m
[0m[[0minfo[0m] [0m[GC (Allocation Failure)  24318K->702K(109056K), 0.0004613 secs][0m
[0m[[0minfo[0m] [0m[GC (Allocation Failure)  24254K->702K(109056K), 0.0004434 secs][0m
[0m[[0minfo[0m] [0m[GC (Allocation Failure)  24254K->734K(109056K), 0.0005932 secs][0m
[0m[[0minfo[0m] [0m[GC (Allocation Failure)  24286K->734K(109056K), 0.0004685 secs][0m
[0m[[0minfo[0m] [0m[GC (Allocation Failure)  24286K->702K(109056K), 0.0004675 secs][0m
[0m[[0minfo[0m] [0m[GC (Allocation Failure)  24254K->702K(109056K), 0.0006124 secs][0m
[0m[[0minfo[0m] [0m[GC (Allocation Failure)  24254K->742K(109056K), 0.0004670 secs][0m
[0m[[0minfo[0m] [0m[GC (Allocation Failure)  24294K->774K(109056K), 0.0003528 secs][0m
[0m[[0minfo[0m] [0m[GC (Allocation Failure)  24326K->710K(109056K), 0.0006801 secs][0m
[0m[[0minfo[0m] [0m[GC (Allocation Failure)  24262K->774K(109056K), 0.0003196 secs][0m
[0m[[0minfo[0m] [0m[GC (Allocation Failure)  24326K->742K(109056K), 0.0003838 secs][0m
[0m[[0minfo[0m] [0m[GC (Allocation Failure)  24294K->742K(109056K), 0.0004203 secs][0m
[0m[[0minfo[0m] [0m[GC (Allocation Failure)  24294K->742K(109056K), 0.0005036 secs][0m
[0m[[0minfo[0m] [0m[GC (Allocation Failure)  24294K->742K(109056K), 0.0006240 secs][0m
[0m[[0minfo[0m] [0m[GC (Allocation Failure)  24294K->742K(109056K), 0.0004416 secs][0m
[0m[[0minfo[0m] [0m[GC (Allocation Failure)  24294K->710K(109056K), 0.0004394 secs][0m
[0m[[0minfo[0m] [0m[GC (Allocation Failure)  24262K->742K(109056K), 0.0004431 secs][0m
[0m[[0minfo[0m] [0m[GC (Allocation Failure)  24294K->742K(109056K), 0.0006292 secs][0m
[0m[[0minfo[0m] [0m[GC (Allocation Failure)  24294K->742K(109056K), 0.0005652 secs][0m
[0m[[0minfo[0m] [0m[GC (Allocation Failure)  24294K->742K(109056K), 0.0005068 secs][0m
[0m[[0minfo[0m] [0m[GC (Allocation Failure)  24294K->742K(109056K), 0.0004504 secs][0m
[0m[[0minfo[0m] [0m[GC (Allocation Failure)  24294K->742K(109056K), 0.0005249 secs][0m
[0m[[0minfo[0m] [0m[GC (Allocation Failure)  24294K->774K(109056K), 0.0004696 secs][0m
[0m[[0minfo[0m] [0m[GC (Allocation Failure)  24326K->742K(109056K), 0.0004428 secs][0m
[0m[[0minfo[0m] [0m[GC (Allocation Failure)  24294K->742K(109056K), 0.0003982 secs][0m
[0m[[0minfo[0m] [0m[GC (Allocation Failure)  24294K->710K(109056K), 0.0004861 secs][0m
[0m[[0minfo[0m] [0m[GC (Allocation Failure)  24262K->742K(109056K), 0.0004122 secs][0m
[0m[[0minfo[0m] [0m[GC (Allocation Failure)  24294K->774K(109056K), 0.0003526 secs][0m
[0m[[0minfo[0m] [0m[GC (Allocation Failure)  24326K->742K(109056K), 0.0004391 secs][0m
[0m[[0minfo[0m] [0m[GC (Allocation Failure)  24294K->742K(109056K), 0.0003939 secs][0m
[0m[[0minfo[0m] [0m[GC (Allocation Failure)  24294K->710K(109056K), 0.0004348 secs][0m
[0m[[0minfo[0m] [0m[GC (Allocation Failure)  24262K->774K(109056K), 0.0003413 secs][0m
[0m[[0minfo[0m] [0m[GC (Allocation Failure)  24326K->782K(109056K), 0.0003569 secs][0m
[0m[[0minfo[0m] [0m[GC (Allocation Failure)  24334K->750K(109056K), 0.0004368 secs][0m
[0m[[0minfo[0m] [0m[GC (Allocation Failure)  24302K->750K(109056K), 0.0004000 secs][0m
[0m[[0minfo[0m] [0m[GC (Allocation Failure)  24302K->750K(109056K), 0.0004302 secs][0m
[0m[[0minfo[0m] [0m[GC (Allocation Failure)  24302K->782K(109056K), 0.0003578 secs][0m
[0m[[0minfo[0m] [0m[GC (Allocation Failure)  24334K->750K(109056K), 0.0004262 secs][0m
[0m[[0minfo[0m] [0m[GC (Allocation Failure)  24302K->718K(109056K), 0.0004524 secs][0m
[0m[[0minfo[0m] [0m[GC (Allocation Failure)  24270K->718K(109056K), 0.0004380 secs][0m
[0m[[0minfo[0m] [0m[GC (Allocation Failure)  24270K->750K(109056K), 0.0004382 secs][0m
[0m[[0minfo[0m] [0m[GC (Allocation Failure)  24302K->750K(109056K), 0.0003999 secs][0m
[0m[[0minfo[0m] [0m[GC (Allocation Failure)  24302K->718K(109056K), 0.0004528 secs][0m
[0m[[0minfo[0m] [0m[GC (Allocation Failure)  24270K->718K(109056K), 0.0006311 secs][0m
[0m[[0minfo[0m] [0m[GC (Allocation Failure)  24270K->750K(109056K), 0.0004539 secs][0m
[0m[[0minfo[0m] [0m[GC (Allocation Failure)  24302K->750K(109056K), 0.0003913 secs][0m
[0m[[0minfo[0m] [0m[GC (Allocation Failure)  24302K->782K(109056K), 0.0003540 secs][0m
[0m[[0minfo[0m] [0m[GC (Allocation Failure)  24334K->718K(109056K), 0.0004458 secs][0m
[0m[[0minfo[0m] [0m[GC (Allocation Failure)  24270K->782K(109056K), 0.0003426 secs][0m
[0m[[0minfo[0m] [0m[GC (Allocation Failure)  24334K->718K(109056K), 0.0006529 secs][0m
[0m[[0minfo[0m] [0m[GC (Allocation Failure)  24270K->718K(109056K), 0.0004382 secs][0m
[0m[[0minfo[0m] [0m[GC (Allocation Failure)  24270K->718K(109056K), 0.0004289 secs][0m
[0m[[0minfo[0m] [0m[GC (Allocation Failure)  24270K->782K(109056K), 0.0003557 secs][0m
[0m[[0minfo[0m] [0m[GC (Allocation Failure)  24334K->782K(109056K), 0.0003412 secs][0m
[0m[[0minfo[0m] [0m[GC (Allocation Failure)  24334K->782K(109056K), 0.0003570 secs][0m
[0m[[0minfo[0m] [0m[GC (Allocation Failure)  24334K->782K(109056K), 0.0004438 secs][0m
[0m[[0minfo[0m] [0m[GC (Allocation Failure)  24334K->782K(109056K), 0.0003411 secs][0m
[0m[[0minfo[0m] [0m[GC (Allocation Failure)  24334K->758K(109056K), 0.0004405 secs][0m
[0m[[0minfo[0m] [0m[GC (Allocation Failure)  24310K->726K(109056K), 0.0004388 secs][0m
[0m[[0minfo[0m] [0m[GC (Allocation Failure)  24278K->790K(109056K), 0.0003550 secs][0m
[0m[[0minfo[0m] [0m[GC (Allocation Failure)  24342K->790K(109056K), 0.0003468 secs][0m
[0m[[0minfo[0m] [0m[GC (Allocation Failure)  24342K->790K(109056K), 0.0003677 secs][0m
[0m[[0minfo[0m] [0m[GC (Allocation Failure)  24342K->758K(109056K), 0.0003731 secs][0m
[0m[[0minfo[0m] [0m[GC (Allocation Failure)  24310K->726K(109056K), 0.0004584 secs][0m
[0m[[0minfo[0m] [0m[GC (Allocation Failure)  24278K->758K(109056K), 0.0004033 secs][0m
[0m[[0minfo[0m] [0m[GC (Allocation Failure)  24310K->726K(109056K), 0.0004993 secs][0m
[0m[[0minfo[0m] [0m[GC (Allocation Failure)  24278K->726K(109056K), 0.0004481 secs][0m
[0m[[0minfo[0m] [0m[GC (Allocation Failure)  24278K->726K(109056K), 0.0004537 secs][0m
[0m[[0minfo[0m] [0m[GC (Allocation Failure)  24278K->726K(109056K), 0.0005159 secs][0m
[0m[[0minfo[0m] [0m[GC (Allocation Failure)  24278K->790K(109056K), 0.0003380 secs][0m
[0m[[0minfo[0m] [0m[GC (Allocation Failure)  24342K->726K(109056K), 0.0005569 secs][0m
[0m[[0minfo[0m] [0m[GC (Allocation Failure)  24278K->758K(109056K), 0.0004463 secs][0m
[0m[[0minfo[0m] [0m[GC (Allocation Failure)  24310K->758K(109056K), 0.0004642 secs][0m
[0m[[0minfo[0m] [0m[GC (Allocation Failure)  24310K->758K(109056K), 0.0005123 secs][0m
[0m[[0minfo[0m] [0m[GC (Allocation Failure)  24310K->726K(109056K), 0.0004967 secs][0m
[0m[[0minfo[0m] [0m[GC (Allocation Failure)  24278K->726K(109056K), 0.0004606 secs][0m
[0m[[0minfo[0m] [0m[GC (Allocation Failure)  24278K->726K(109056K), 0.0004610 secs][0m
[0m[[0minfo[0m] [0m[GC (Allocation Failure)  24278K->758K(109056K), 0.0004171 secs][0m
[0m[[0minfo[0m] [0m[GC (Allocation Failure)  24310K->726K(109056K), 0.0004281 secs][0m
[0m[[0minfo[0m] [0m[GC (Allocation Failure)  24278K->726K(109056K), 0.0004767 secs][0m
[0m[[0minfo[0m] [0m[GC (Allocation Failure)  24278K->726K(109056K), 0.0004814 secs][0m
[0m[[0minfo[0m] [0m[GC (Allocation Failure)  24278K->726K(109056K), 0.0004879 secs][0m
[0m[[0minfo[0m] [0m[GC (Allocation Failure)  24278K->726K(109056K), 0.0004901 secs][0m
[0m[[0minfo[0m] [0m[GC (Allocation Failure)  24278K->766K(109056K), 0.0004369 secs][0m
[0m[[0minfo[0m] [0m[GC (Allocation Failure)  24318K->734K(109056K), 0.0006025 secs][0m
[0m[[0minfo[0m] [0m[GC (Allocation Failure)  24286K->734K(109056K), 0.0004731 secs][0m
[0m[[0minfo[0m] [0m[GC (Allocation Failure)  24286K->734K(109056K), 0.0005528 secs][0m
[0m[[0minfo[0m] [0m[GC (Allocation Failure)  24286K->766K(109056K), 0.0004926 secs][0m
[0m[[0minfo[0m] [0m[GC (Allocation Failure)  24318K->734K(109056K), 0.0004241 secs][0m
[0m[[0minfo[0m] [0m[GC (Allocation Failure)  24286K->766K(109056K), 0.0005230 secs][0m
[0m[[0minfo[0m] [0m[GC (Allocation Failure)  24318K->734K(109056K), 0.0004700 secs][0m
[0m[[0minfo[0m] [0m[GC (Allocation Failure)  24286K->766K(109056K), 0.0005711 secs][0m
[0m[[0minfo[0m] [0m[GC (Allocation Failure)  24318K->766K(109056K), 0.0004128 secs][0m
[0m[[0minfo[0m] [0m[GC (Allocation Failure)  24318K->734K(109056K), 0.0005371 secs][0m
[0m[[0minfo[0m] [0m[GC (Allocation Failure)  24286K->734K(109056K), 0.0004604 secs][0m
[0m[[0minfo[0m] [0m[GC (Allocation Failure)  24286K->734K(109056K), 0.0005596 secs][0m
[0m[[0minfo[0m] [0m[GC (Allocation Failure)  24286K->734K(109056K), 0.0005344 secs][0m
[0m[[0minfo[0m] [0m[GC (Allocation Failure)  24286K->798K(109056K), 0.0003580 secs][0m
[0m[[0minfo[0m] [0m[GC (Allocation Failure)  24350K->766K(109056K), 0.0004101 secs][0m
[0m[[0minfo[0m] [0m[GC (Allocation Failure)  24318K->798K(109056K), 0.0003679 secs][0m
[0m[[0minfo[0m] [0m[GC (Allocation Failure)  24350K->766K(109056K), 0.0004417 secs][0m
[0m[[0minfo[0m] [0m[GC (Allocation Failure)  24318K->734K(109056K), 0.0004572 secs][0m
[0m[[0minfo[0m] [0m[GC (Allocation Failure)  24286K->798K(109056K), 0.0003638 secs][0m
[0m[[0minfo[0m] [0m[GC (Allocation Failure)  24350K->766K(109056K), 0.0004591 secs][0m
[0m[[0minfo[0m] [0m[GC (Allocation Failure)  24318K->734K(109056K), 0.0004520 secs][0m
[0m[[0minfo[0m] [0m[GC (Allocation Failure)  24286K->798K(109056K), 0.0004116 secs][0m
[0m[[0minfo[0m] [0m[GC (Allocation Failure)  24350K->734K(109056K), 0.0005177 secs][0m
[0m[[0minfo[0m] [0m[GC (Allocation Failure)  24286K->734K(109056K), 0.0007528 secs][0m
[0m[[0minfo[0m] [0m[GC (Allocation Failure)  24286K->766K(109056K), 0.0003742 secs][0m
[0m[[0minfo[0m] [0m[GC (Allocation Failure)  24318K->742K(109056K), 0.0004264 secs][0m
[0m[[0minfo[0m] [0m[GC (Allocation Failure)  24294K->742K(109056K), 0.0004318 secs][0m
[0m[[0minfo[0m] [0m[GC (Allocation Failure)  24294K->742K(109056K), 0.0005439 secs][0m
[0m[[0minfo[0m] [0m[GC (Allocation Failure)  24294K->774K(109056K), 0.0004172 secs][0m
[0m[[0minfo[0m] [0m[GC (Allocation Failure)  24326K->774K(109056K), 0.0004047 secs][0m
[0m[[0minfo[0m] [0m[GC (Allocation Failure)  24326K->742K(109056K), 0.0006550 secs][0m
[0m[[0minfo[0m] [0m[GC (Allocation Failure)  24294K->806K(109056K), 0.0003540 secs][0m
[0m[[0minfo[0m] [0m[GC (Allocation Failure)  24358K->742K(109056K), 0.0005028 secs][0m
[0m[[0minfo[0m] [0m[GC (Allocation Failure)  24294K->774K(109056K), 0.0004014 secs][0m
[0m[[0minfo[0m] [0m[GC (Allocation Failure)  24326K->774K(109056K), 0.0004128 secs][0m
[0m[[0minfo[0m] [0m[GC (Allocation Failure)  24326K->774K(109056K), 0.0004157 secs][0m
[0m[[0minfo[0m] [0m[GC (Allocation Failure)  24326K->774K(109056K), 0.0004187 secs][0m
[0m[[0minfo[0m] [0m[GC (Allocation Failure)  24326K->774K(109056K), 0.0004816 secs][0m
[0m[[0minfo[0m] [0m[GC (Allocation Failure)  24326K->742K(109056K), 0.0004728 secs][0m
[0m[[0minfo[0m] [0m[GC (Allocation Failure)  24294K->806K(109056K), 0.0003536 secs][0m
[0m[[0minfo[0m] [0m[GC (Allocation Failure)  24358K->742K(109056K), 0.0004387 secs][0m
[0m[[0minfo[0m] [0m[GC (Allocation Failure)  24294K->742K(109056K), 0.0004615 secs][0m
[0m[[0minfo[0m] [0m[GC (Allocation Failure)  24294K->742K(109056K), 0.0005912 secs][0m
[0m[[0minfo[0m] [0m[GC (Allocation Failure)  24294K->742K(109056K), 0.0004958 secs][0m
[0m[[0minfo[0m] [0m[GC (Allocation Failure)  24294K->742K(109056K), 0.0004627 secs][0m
[0m[[0minfo[0m] [0m[GC (Allocation Failure)  24294K->742K(109056K), 0.0006945 secs][0m
[0m[[0minfo[0m] [0m[GC (Allocation Failure)  24294K->742K(109056K), 0.0004509 secs][0m
[0m[[0minfo[0m] [0m[GC (Allocation Failure)  24294K->742K(109056K), 0.0005477 secs][0m
[0m[[0minfo[0m] [0m[GC (Allocation Failure)  24294K->742K(109056K), 0.0004679 secs][0m
[0m[[0minfo[0m] [0m[GC (Allocation Failure)  24294K->774K(109056K), 0.0004628 secs][0m
[0m[[0minfo[0m] [0m[GC (Allocation Failure)  24326K->806K(109056K), 0.0004272 secs][0m
[0m[[0minfo[0m] [0m[GC (Allocation Failure)  24358K->782K(109056K), 0.0004940 secs][0m
[0m[[0minfo[0m] [0m[GC (Allocation Failure)  24334K->782K(109056K), 0.0004645 secs][0m
[0m[[0minfo[0m] [0m[GC (Allocation Failure)  24334K->750K(109056K), 0.0004442 secs][0m
[0m[[0minfo[0m] [0m[GC (Allocation Failure)  24302K->750K(109056K), 0.0004542 secs][0m
[0m[[0minfo[0m] [0m[GC (Allocation Failure)  24302K->814K(109056K), 0.0004002 secs][0m
[0m[[0minfo[0m] [0m[GC (Allocation Failure)  24366K->814K(109056K), 0.0003980 secs][0m
[0m[[0minfo[0m] [0m[GC (Allocation Failure)  24366K->782K(109056K), 0.0004948 secs][0m
[0m[[0minfo[0m] [0m[GC (Allocation Failure)  24334K->750K(109056K), 0.0005723 secs][0m
[0m[[0minfo[0m] [0m[GC (Allocation Failure)  24302K->814K(109056K), 0.0003412 secs][0m
[0m[[0minfo[0m] [0m[GC (Allocation Failure)  24366K->782K(109056K), 0.0003880 secs][0m
[0m[[0minfo[0m] [0m[GC (Allocation Failure)  24334K->750K(109056K), 0.0004951 secs][0m
[0m[[0minfo[0m] [0m[GC (Allocation Failure)  24302K->814K(109056K), 0.0003891 secs][0m
[0m[[0minfo[0m] [0m[GC (Allocation Failure)  24366K->750K(109056K), 0.0004860 secs][0m
[0m[[0minfo[0m] [0m[GC (Allocation Failure)  24302K->814K(109056K), 0.0003570 secs][0m
[0m[[0minfo[0m] [0m[GC (Allocation Failure)  24366K->750K(109056K), 0.0005673 secs][0m
[0m[[0minfo[0m] [0m[GC (Allocation Failure)  24302K->750K(109056K), 0.0004455 secs][0m
[0m[[0minfo[0m] [0m[GC (Allocation Failure)  24302K->750K(109056K), 0.0004420 secs][0m
[0m[[0minfo[0m] [0m[GC (Allocation Failure)  24302K->750K(109056K), 0.0004665 secs][0m
[0m[[0minfo[0m] [0m[GC (Allocation Failure)  24302K->782K(109056K), 0.0004372 secs][0m
[0m[[0minfo[0m] [0m[GC (Allocation Failure)  24334K->782K(109056K), 0.0004223 secs][0m
[0m[[0minfo[0m] [0m[GC (Allocation Failure)  24334K->782K(109056K), 0.0004802 secs][0m
[0m[[0minfo[0m] [0m[GC (Allocation Failure)  24334K->782K(109056K), 0.0004206 secs][0m
[0m[[0minfo[0m] [0m[GC (Allocation Failure)  24334K->782K(109056K), 0.0010749 secs][0m
[0m[[0minfo[0m] [0m[GC (Allocation Failure)  24334K->750K(109056K), 0.0005882 secs][0m
[0m[[0minfo[0m] [0m[GC (Allocation Failure)  24302K->782K(109056K), 0.0004674 secs][0m
[0m[[0minfo[0m] [0m[GC (Allocation Failure)  24334K->790K(109056K), 0.0005345 secs][0m
[0m[[0minfo[0m] [0m[GC (Allocation Failure)  24342K->758K(109056K), 0.0004631 secs][0m
[0m[[0minfo[0m] [0m[GC (Allocation Failure)  24310K->758K(109056K), 0.0004481 secs][0m
[0m[[0minfo[0m] [0m[GC (Allocation Failure)  24310K->758K(109056K), 0.0004872 secs][0m
[0m[[0minfo[0m] [0m[GC (Allocation Failure)  24310K->790K(109056K), 0.0004108 secs][0m
[0m[[0minfo[0m] [0m[GC (Allocation Failure)  24342K->758K(109056K), 0.0004488 secs][0m
[0m[[0minfo[0m] [0m[GC (Allocation Failure)  24310K->758K(109056K), 0.0007465 secs][0m
[0m[[0minfo[0m] [0m[GC (Allocation Failure)  24310K->758K(109056K), 0.0005119 secs][0m
[0m[[0minfo[0m] [0m[GC (Allocation Failure)  24310K->758K(109056K), 0.0004734 secs][0m
[0m[[0minfo[0m] [0m[GC (Allocation Failure)  24310K->758K(109056K), 0.0005348 secs][0m
[0m[[0minfo[0m] [0m[GC (Allocation Failure)  24310K->758K(109056K), 0.0006920 secs][0m
[0m[[0minfo[0m] [0m[GC (Allocation Failure)  24310K->822K(109056K), 0.0003688 secs][0m
[0m[[0minfo[0m] [0m[GC (Allocation Failure)  24374K->790K(109056K), 0.0004529 secs][0m
[0m[[0minfo[0m] [0m[GC (Allocation Failure)  24342K->790K(109056K), 0.0004083 secs][0m
[0m[[0minfo[0m] [0m[GC (Allocation Failure)  24342K->822K(109056K), 0.0003656 secs][0m
[0m[[0minfo[0m] [0m[GC (Allocation Failure)  24374K->822K(109056K), 0.0004366 secs][0m
[0m[[0minfo[0m] [0m[GC (Allocation Failure)  24374K->822K(109056K), 0.0004488 secs][0m
[0m[[0minfo[0m] [0m[GC (Allocation Failure)  24374K->822K(109056K), 0.0003736 secs][0m
[0m[[0minfo[0m] [0m[GC (Allocation Failure)  24374K->790K(109056K), 0.0003994 secs][0m
[0m[[0minfo[0m] [0m[GC (Allocation Failure)  24342K->758K(109056K), 0.0004838 secs][0m
[0m[[0minfo[0m] [0m[GC (Allocation Failure)  24310K->822K(109056K), 0.0003506 secs][0m
[0m[[0minfo[0m] [0m[GC (Allocation Failure)  24374K->790K(109056K), 0.0004553 secs][0m
[0m[[0minfo[0m] [0m[GC (Allocation Failure)  24342K->758K(109056K), 0.0003767 secs][0m
[0m[[0minfo[0m] [0m[GC (Allocation Failure)  24310K->822K(109056K), 0.0003573 secs][0m
[0m[[0minfo[0m] [0m[GC (Allocation Failure)  24374K->790K(109056K), 0.0004187 secs][0m
[0m[[0minfo[0m] [0m[GC (Allocation Failure)  24342K->758K(109056K), 0.0004455 secs][0m
[0m[[0minfo[0m] [0m[GC (Allocation Failure)  24310K->798K(109056K), 0.0004089 secs][0m
[0m[[0minfo[0m] [0m[GC (Allocation Failure)  24350K->766K(109056K), 0.0004790 secs][0m
[0m[[0minfo[0m] [0m[GC (Allocation Failure)  24318K->798K(109056K), 0.0005667 secs][0m
[0m[[0minfo[0m] [0m[GC (Allocation Failure)  24350K->798K(109056K), 0.0004585 secs][0m
[0m[[0minfo[0m] [0m[GC (Allocation Failure)  24350K->798K(109056K), 0.0004057 secs][0m
[0m[[0minfo[0m] [0m[GC (Allocation Failure)  24350K->766K(109056K), 0.0004544 secs][0m
[0m[[0minfo[0m] [0m[GC (Allocation Failure)  24318K->766K(109056K), 0.0004335 secs][0m
[0m[[0minfo[0m] [0m[GC (Allocation Failure)  24318K->798K(109056K), 0.0004794 secs][0m
[0m[[0minfo[0m] [0m[GC (Allocation Failure)  24350K->766K(109056K), 0.0004539 secs][0m
[0m[[0minfo[0m] [0m[GC (Allocation Failure)  24318K->766K(109056K), 0.0019686 secs][0m
[0m[[0minfo[0m] [0m[GC (Allocation Failure)  24318K->766K(109056K), 0.0006261 secs][0m
[0m[[0minfo[0m] [0m[GC (Allocation Failure)  24318K->798K(109056K), 0.0004117 secs][0m
[0m[[0minfo[0m] [0m[GC (Allocation Failure)  24350K->798K(109056K), 0.0003956 secs][0m
[0m[[0minfo[0m] [0m[GC (Allocation Failure)  24350K->798K(109056K), 0.0004478 secs][0m
[0m[[0minfo[0m] [0m[GC (Allocation Failure)  24350K->830K(109056K), 0.0003526 secs][0m
[0m[[0minfo[0m] [0m[GC (Allocation Failure)  24382K->798K(109056K), 0.0003820 secs][0m
[0m[[0minfo[0m] [0m[GC (Allocation Failure)  24350K->766K(109056K), 0.0004385 secs][0m
[0m[[0minfo[0m] [0m[GC (Allocation Failure)  24318K->766K(109056K), 0.0004438 secs][0m
[0m[[0minfo[0m] [0m[GC (Allocation Failure)  24318K->798K(109056K), 0.0004656 secs][0m
[0m[[0minfo[0m] [0m[GC (Allocation Failure)  24350K->830K(109056K), 0.0003507 secs][0m
[0m[[0minfo[0m] [0m[GC (Allocation Failure)  24382K->798K(109056K), 0.0004118 secs][0m
[0m[[0minfo[0m] [0m[GC (Allocation Failure)  24350K->766K(109056K), 0.0004411 secs][0m
[0m[[0minfo[0m] [0m[GC (Allocation Failure)  24318K->766K(109056K), 0.0004418 secs][0m
[0m[[0minfo[0m] [0m[GC (Allocation Failure)  24318K->766K(109056K), 0.0004364 secs][0m
[0m[[0minfo[0m] [0m[GC (Allocation Failure)  24318K->766K(109056K), 0.0004526 secs][0m
[0m[[0minfo[0m] [0m[GC (Allocation Failure)  24318K->798K(109056K), 0.0004062 secs][0m
[0m[[0minfo[0m] [0m[GC (Allocation Failure)  24350K->798K(109056K), 0.0004701 secs][0m
[0m[[0minfo[0m] [0m[GC (Allocation Failure)  24350K->774K(109056K), 0.0004381 secs][0m
[0m[[0minfo[0m] [0m[GC (Allocation Failure)  24326K->806K(109056K), 0.0004560 secs][0m
[0m[[0minfo[0m] [0m[GC (Allocation Failure)  24358K->806K(109056K), 0.0004164 secs][0m
[0m[[0minfo[0m] [0m[GC (Allocation Failure)  24358K->838K(109056K), 0.0004728 secs][0m
[0m[[0minfo[0m] [0m[GC (Allocation Failure)  24390K->774K(109056K), 0.0004514 secs][0m
[0m[[0minfo[0m] [0m[GC (Allocation Failure)  24326K->774K(109056K), 0.0006164 secs][0m
[0m[[0minfo[0m] [0m[GC (Allocation Failure)  24326K->838K(109056K), 0.0003662 secs][0m
[0m[[0minfo[0m] [0m[GC (Allocation Failure)  24390K->806K(109056K), 0.0003986 secs][0m
[0m[[0minfo[0m] [0m[GC (Allocation Failure)  24358K->774K(109056K), 0.0007774 secs][0m
[0m[[0minfo[0m] [0m[GC (Allocation Failure)  24326K->774K(109056K), 0.0004844 secs][0m
[0m[[0minfo[0m] [0m[GC (Allocation Failure)  24326K->806K(109056K), 0.0004405 secs][0m
[0m[[0minfo[0m] [0m[GC (Allocation Failure)  24358K->838K(109056K), 0.0003667 secs][0m
[0m[[0minfo[0m] [0m[GC (Allocation Failure)  24390K->774K(109056K), 0.0006314 secs][0m
[0m[[0minfo[0m] [0m[GC (Allocation Failure)  24326K->838K(109056K), 0.0003366 secs][0m
[0m[[0minfo[0m] [0m[GC (Allocation Failure)  24390K->838K(109056K), 0.0003587 secs][0m
[0m[[0minfo[0m] [0m[GC (Allocation Failure)  24390K->806K(109056K), 0.0004468 secs][0m
[0m[[0minfo[0m] [0m[GC (Allocation Failure)  24358K->806K(109056K), 0.0003877 secs][0m
[0m[[0minfo[0m] [0m[GC (Allocation Failure)  24358K->806K(109056K), 0.0003937 secs][0m
[0m[[0minfo[0m] [0m[GC (Allocation Failure)  24358K->838K(109056K), 0.0003763 secs][0m
[0m[[0minfo[0m] [0m[GC (Allocation Failure)  24390K->838K(109056K), 0.0003379 secs][0m
[0m[[0minfo[0m] [0m[GC (Allocation Failure)  24390K->774K(109056K), 0.0004856 secs][0m
[0m[[0minfo[0m] [0m[GC (Allocation Failure)  24326K->774K(109056K), 0.0004770 secs][0m
[0m[[0minfo[0m] [0m[GC (Allocation Failure)  24326K->838K(109056K), 0.0003846 secs][0m
[0m[[0minfo[0m] [0m[GC (Allocation Failure)  24390K->774K(109056K), 0.0004793 secs][0m
[0m[[0minfo[0m] [0m[GC (Allocation Failure)  24326K->806K(109056K), 0.0004091 secs][0m
[0m[[0minfo[0m] [0m[GC (Allocation Failure)  24358K->774K(109056K), 0.0005186 secs][0m
[0m[[0minfo[0m] [0m[GC (Allocation Failure)  24326K->782K(109056K), 0.0005482 secs][0m
[0m[[0minfo[0m] [0m[GC (Allocation Failure)  24334K->782K(109056K), 0.0004628 secs][0m
[0m[[0minfo[0m] [0m[GC (Allocation Failure)  24334K->782K(109056K), 0.0004339 secs][0m
[0m[[0minfo[0m] [0m[GC (Allocation Failure)  24334K->782K(109056K), 0.0004582 secs][0m
[0m[[0minfo[0m] [0m[GC (Allocation Failure)  24334K->846K(109056K), 0.0003507 secs][0m
[0m[[0minfo[0m] [0m[GC (Allocation Failure)  24398K->814K(109056K), 0.0004055 secs][0m
[0m[[0minfo[0m] [0m[GC (Allocation Failure)  24366K->814K(109056K), 0.0004067 secs][0m
[0m[[0minfo[0m] [0m[GC (Allocation Failure)  24366K->814K(109056K), 0.0004177 secs][0m
[0m[[0minfo[0m] [0m[GC (Allocation Failure)  24366K->814K(109056K), 0.0004588 secs][0m
[0m[[0minfo[0m] [0m[GC (Allocation Failure)  24366K->814K(109056K), 0.0004125 secs][0m
[0m[[0minfo[0m] [0m[GC (Allocation Failure)  24366K->782K(109056K), 0.0003696 secs][0m
[0m[[0minfo[0m] [0m[GC (Allocation Failure)  24334K->782K(109056K), 0.0005725 secs][0m
[0m[[0minfo[0m] [0m[GC (Allocation Failure)  24334K->846K(109056K), 0.0003719 secs][0m
[0m[[0minfo[0m] [0m[GC (Allocation Failure)  24398K->814K(109056K), 0.0004099 secs][0m
[0m[[0minfo[0m] [0m[GC (Allocation Failure)  24366K->814K(109056K), 0.0004191 secs][0m
[0m[[0minfo[0m] [0m[GC (Allocation Failure)  24366K->782K(109056K), 0.0005481 secs][0m
[0m[[0minfo[0m] [0m[GC (Allocation Failure)  24334K->782K(109056K), 0.0004600 secs][0m
[0m[[0minfo[0m] [0m[GC (Allocation Failure)  24334K->814K(109056K), 0.0005670 secs][0m
[0m[[0minfo[0m] [0m[GC (Allocation Failure)  24366K->782K(109056K), 0.0004893 secs][0m
[0m[[0minfo[0m] [0m[GC (Allocation Failure)  24334K->782K(109056K), 0.0005517 secs][0m
[0m[[0minfo[0m] [0m[GC (Allocation Failure)  24334K->782K(109056K), 0.0005612 secs][0m
[0m[[0minfo[0m] [0m[GC (Allocation Failure)  24334K->814K(109056K), 0.0005378 secs][0m
[0m[[0minfo[0m] [0m[GC (Allocation Failure)  24366K->846K(109056K), 0.0003619 secs][0m
[0m[[0minfo[0m] [0m[GC (Allocation Failure)  24398K->846K(109056K), 0.0003622 secs][0m
[0m[[0minfo[0m] [0m[GC (Allocation Failure)  24398K->814K(109056K), 0.0005424 secs][0m
[0m[[0minfo[0m] [0m[GC (Allocation Failure)  24366K->814K(109056K), 0.0004815 secs][0m
[0m[[0minfo[0m] [0m[GC (Allocation Failure)  24366K->790K(109056K), 0.0005732 secs][0m
[0m[[0minfo[0m] [0m[GC (Allocation Failure)  24342K->822K(109056K), 0.0006987 secs][0m
[0m[[0minfo[0m] [0m[GC (Allocation Failure)  24374K->854K(109056K), 0.0003975 secs][0m
[0m[[0minfo[0m] [0m[GC (Allocation Failure)  24406K->822K(109056K), 0.0004643 secs][0m
[0m[[0minfo[0m] [0m[GC (Allocation Failure)  24374K->822K(109056K), 0.0004562 secs][0m
[0m[[0minfo[0m] [0m[GC (Allocation Failure)  24374K->822K(109056K), 0.0004168 secs][0m
[0m[[0minfo[0m] [0m[GC (Allocation Failure)  24374K->822K(109056K), 0.0004067 secs][0m
[0m[[0minfo[0m] [0m[GC (Allocation Failure)  24374K->854K(109056K), 0.0004690 secs][0m
[0m[[0minfo[0m] [0m[GC (Allocation Failure)  24406K->822K(109056K), 0.0004035 secs][0m
[0m[[0minfo[0m] [0m[GC (Allocation Failure)  24374K->790K(109056K), 0.0004439 secs][0m
[0m[[0minfo[0m] [0m[GC (Allocation Failure)  24342K->790K(109056K), 0.0004137 secs][0m
[0m[[0minfo[0m] [0m[GC (Allocation Failure)  24342K->854K(109056K), 0.0003511 secs][0m
[0m[[0minfo[0m] [0m[GC (Allocation Failure)  24406K->822K(109056K), 0.0003916 secs][0m
[0m[[0minfo[0m] [0m[GC (Allocation Failure)  24374K->790K(109056K), 0.0004858 secs][0m
[0m[[0minfo[0m] [0m[GC (Allocation Failure)  24342K->854K(109056K), 0.0003515 secs][0m
[0m[[0minfo[0m] [0m[GC (Allocation Failure)  24406K->822K(109056K), 0.0004686 secs][0m
[0m[[0minfo[0m] [0m[GC (Allocation Failure)  24374K->790K(109056K), 0.0007042 secs][0m
[0m[[0minfo[0m] [0m[GC (Allocation Failure)  24342K->854K(109056K), 0.0003712 secs][0m
[0m[[0minfo[0m] [0m[GC (Allocation Failure)  24406K->854K(109056K), 0.0003776 secs][0m
[0m[[0minfo[0m] [0m[GC (Allocation Failure)  24406K->822K(109056K), 0.0004533 secs][0m
[0m[[0minfo[0m] [0m[GC (Allocation Failure)  24374K->822K(109056K), 0.0004034 secs][0m
[0m[[0minfo[0m] [0m[GC (Allocation Failure)  24374K->822K(109056K), 0.0004048 secs][0m
[0m[[0minfo[0m] [0m[GC (Allocation Failure)  24374K->854K(109056K), 0.0003489 secs][0m
[0m[[0minfo[0m] [0m[GC (Allocation Failure)  24406K->822K(109056K), 0.0003987 secs][0m
[0m[[0minfo[0m] [0m[GC (Allocation Failure)  24374K->790K(109056K), 0.0004180 secs][0m
[0m[[0minfo[0m] [0m[GC (Allocation Failure)  24342K->790K(109056K), 0.0004599 secs][0m
[0m[[0minfo[0m] [0m[GC (Allocation Failure)  24342K->798K(109056K), 0.0005098 secs][0m
[0m[[0minfo[0m] [0m[GC (Allocation Failure)  24350K->830K(109056K), 0.0005269 secs][0m
[0m[[0minfo[0m] [0m[GC (Allocation Failure)  24382K->798K(109056K), 0.0004503 secs][0m
[0m[[0minfo[0m] [0m[GC (Allocation Failure)  24350K->830K(109056K), 0.0004111 secs][0m
[0m[[0minfo[0m] [0m[GC (Allocation Failure)  24382K->798K(109056K), 0.0004683 secs][0m
[0m[[0minfo[0m] [0m[GC (Allocation Failure)  24350K->830K(109056K), 0.0004171 secs][0m
[0m[[0minfo[0m] [0m[GC (Allocation Failure)  24382K->830K(109056K), 0.0004511 secs][0m
[0m[[0minfo[0m] [0m[GC (Allocation Failure)  24382K->862K(109056K), 0.0003836 secs][0m
[0m[[0minfo[0m] [0m[GC (Allocation Failure)  24414K->862K(109056K), 0.0003742 secs][0m
[0m[[0minfo[0m] [0m[GC (Allocation Failure)  24414K->862K(109056K), 0.0004298 secs][0m
[0m[[0minfo[0m] [0m[GC (Allocation Failure)  24414K->798K(109056K), 0.0005859 secs][0m
[0m[[0minfo[0m] [0m[GC (Allocation Failure)  24350K->830K(109056K), 0.0004164 secs][0m
[0m[[0minfo[0m] [0m[GC (Allocation Failure)  24382K->862K(109056K), 0.0005490 secs][0m
[0m[[0minfo[0m] [0m[GC (Allocation Failure)  24414K->830K(109056K), 0.0005577 secs][0m
[0m[[0minfo[0m] [0m[GC (Allocation Failure)  24382K->830K(109056K), 0.0004657 secs][0m
[0m[[0minfo[0m] [0m[GC (Allocation Failure)  24382K->830K(109056K), 0.0005105 secs][0m
[0m[[0minfo[0m] [0m[GC (Allocation Failure)  24382K->798K(109056K), 0.0004261 secs][0m
[0m[[0minfo[0m] [0m[GC (Allocation Failure)  24350K->830K(109056K), 0.0004026 secs][0m
[0m[[0minfo[0m] [0m[GC (Allocation Failure)  24382K->862K(109056K), 0.0005068 secs][0m
[0m[[0minfo[0m] [0m[GC (Allocation Failure)  24414K->862K(109056K), 0.0003692 secs][0m
[0m[[0minfo[0m] [0m[GC (Allocation Failure)  24414K->862K(109056K), 0.0003551 secs][0m
[0m[[0minfo[0m] [0m[GC (Allocation Failure)  24414K->798K(109056K), 0.0004632 secs][0m
[0m[[0minfo[0m] [0m[GC (Allocation Failure)  24350K->798K(109056K), 0.0004691 secs][0m
[0m[[0minfo[0m] [0m[GC (Allocation Failure)  24350K->798K(109056K), 0.0004952 secs][0m
[0m[[0minfo[0m] [0m[GC (Allocation Failure)  24350K->830K(109056K), 0.0004654 secs][0m
[0m[[0minfo[0m] [0m[GC (Allocation Failure)  24382K->862K(109056K), 0.0003937 secs][0m
[0m[[0minfo[0m] [0m[GC (Allocation Failure)  24414K->830K(109056K), 0.0004019 secs][0m
[0m[[0minfo[0m] [0m[GC (Allocation Failure)  24382K->838K(109056K), 0.0004207 secs][0m
[0m[[0minfo[0m] [0m[GC (Allocation Failure)  24390K->806K(109056K), 0.0004950 secs][0m
[0m[[0minfo[0m] [0m[GC (Allocation Failure)  24358K->870K(109056K), 0.0003781 secs][0m
[0m[[0minfo[0m] [0m[GC (Allocation Failure)  24422K->806K(109056K), 0.0008592 secs][0m
[0m[[0minfo[0m] [0m[GC (Allocation Failure)  24358K->870K(109056K), 0.0004800 secs][0m
[0m[[0minfo[0m] [0m[GC (Allocation Failure)  24422K->838K(109056K), 0.0004703 secs][0m
[0m[[0minfo[0m] [0m[GC (Allocation Failure)  24390K->838K(109056K), 0.0006940 secs][0m
[0m[[0minfo[0m] [0m[GC (Allocation Failure)  24390K->806K(109056K), 0.0004219 secs][0m
[0m[[0minfo[0m] [0m[GC (Allocation Failure)  24358K->806K(109056K), 0.0005610 secs][0m
[0m[[0minfo[0m] [0m[GC (Allocation Failure)  24358K->806K(109056K), 0.0006210 secs][0m
[0m[[0minfo[0m] [0m[GC (Allocation Failure)  24358K->870K(109056K), 0.0003516 secs][0m
[0m[[0minfo[0m] [0m[GC (Allocation Failure)  24422K->838K(109056K), 0.0004200 secs][0m
[0m[[0minfo[0m] [0m[GC (Allocation Failure)  24390K->870K(109056K), 0.0003733 secs][0m
[0m[[0minfo[0m] [0m[GC (Allocation Failure)  24422K->806K(109056K), 0.0005136 secs][0m
[0m[[0minfo[0m] [0m[GC (Allocation Failure)  24358K->870K(109056K), 0.0003898 secs][0m
[0m[[0minfo[0m] [0m[GC (Allocation Failure)  24422K->806K(109056K), 0.0011678 secs][0m
[0m[[0minfo[0m] [0m[GC (Allocation Failure)  24358K->838K(109056K), 0.0004191 secs][0m
[0m[[0minfo[0m] [0m[GC (Allocation Failure)  24390K->870K(109056K), 0.0003617 secs][0m
[0m[[0minfo[0m] [0m[GC (Allocation Failure)  24422K->806K(109056K), 0.0004923 secs][0m
[0m[[0minfo[0m] [0m[GC (Allocation Failure)  24358K->838K(109056K), 0.0004168 secs][0m
[0m[[0minfo[0m] [0m[GC (Allocation Failure)  24390K->870K(109056K), 0.0004156 secs][0m
[0m[[0minfo[0m] [0m[GC (Allocation Failure)  24422K->806K(109056K), 0.0007169 secs][0m
[0m[[0minfo[0m] [0m[GC (Allocation Failure)  24358K->838K(109056K), 0.0005990 secs][0m
[0m[[0minfo[0m] [0m[GC (Allocation Failure)  24390K->806K(109056K), 0.0004633 secs][0m
[0m[[0minfo[0m] [0m[GC (Allocation Failure)  24358K->806K(109056K), 0.0004491 secs][0m
[0m[[0minfo[0m] [0m[GC (Allocation Failure)  24358K->806K(109056K), 0.0005542 secs][0m
[0m[[0minfo[0m] [0m[GC (Allocation Failure)  24358K->846K(109056K), 0.0004578 secs][0m
[0m[[0minfo[0m] [0m[GC (Allocation Failure)  24398K->846K(109056K), 0.0004539 secs][0m
